============================= test session starts ==============================
platform linux -- Python 3.14.4, pytest-9.1.1, pluggy-1.6.0 -- /home/student/codesentinel-ai/.venv/bin/python3
cachedir: .pytest_cache
rootdir: /home/student/codesentinel-ai
configfile: pyproject.toml
plugins: anyio-4.15.1
collecting ... collected 3 items

tests/unit/test_diff.py::test_filter_diff PASSED                         [ 33%]
tests/unit/test_diff.py::test_chunk_diff PASSED                          [ 66%]
tests/unit/test_diff.py::test_map_line_to_position PASSED                [100%]

============================== 3 passed in 0.13s ===============================
